BL51 BANKED LINKER/LOCATER V6.22.4.0                                                    01/07/2026  18:27:49  PAGE 1


BL51 BANKED LINKER/LOCATER V6.22.4.0, INVOKED BY:
C:\KEIL_V5\C51\BIN\BL51.EXE .\Objects\STARTUP.obj, .\Objects\main.obj TO .\Objects\sensor PRINT (.\Listings\sensor.m51)


MEMORY MODEL: SMALL


INPUT MODULES INCLUDED:
  .\Objects\STARTUP.obj (?C_STARTUP)
  .\Objects\main.obj (MAIN)
  C:\KEIL_V5\C51\LIB\C51S.LIB (?C?CLDPTR)


LINK MAP OF MODULE:  .\Objects\sensor (?C_STARTUP)


            TYPE    BASE      LENGTH    RELOCATION   SEGMENT NAME
            -----------------------------------------------------

            * * * * * * *   D A T A   M E M O R Y   * * * * * * *
            REG     0000H     0008H     ABSOLUTE     "REG BANK 0"
            DATA    0008H     0003H     UNIT         ?DT?MAIN
            DATA    000BH     0003H     UNIT         _DATA_GROUP_
            IDATA   000EH     0001H     UNIT         ?STACK

            * * * * * * *   C O D E   M E M O R Y   * * * * * * *
            CODE    0000H     0003H     ABSOLUTE     
                    0003H     07FDH                  *** GAP ***
            CODE    0800H     003FH     UNIT         ?PR?MAIN?MAIN
            CODE    083FH     0025H     UNIT         ?PR?_LCD_STRING?MAIN
            CODE    0864H     0019H     UNIT         ?PR?LCD_INIT?MAIN
            CODE    087DH     0019H     UNIT         ?C?LIB_CODE
            CODE    0896H     0017H     UNIT         ?PR?_LCD_DATA?MAIN
            CODE    08ADH     0016H     UNIT         ?PR?DELAY?MAIN
            CODE    08C3H     000EH     UNIT         ?PR?_LCD_CMD?MAIN
            CODE    08D1H     000EH     UNIT         ?PR?ADC_READ?MAIN
            CODE    08DFH     000CH     UNIT         ?C_C51STARTUP
            CODE    08EBH     0008H     UNIT         ?CO?MAIN



OVERLAY MAP OF MODULE:   .\Objects\sensor (?C_STARTUP)


SEGMENT                          DATA_GROUP 
  +--> CALLED SEGMENT          START    LENGTH
----------------------------------------------
?C_C51STARTUP                  -----    -----
  +--> ?PR?MAIN?MAIN

?PR?MAIN?MAIN                  -----    -----
  +--> ?PR?LCD_INIT?MAIN
  +--> ?CO?MAIN
  +--> ?PR?_LCD_STRING?MAIN
  +--> ?PR?ADC_READ?MAIN
  +--> ?PR?_LCD_CMD?MAIN
  +--> ?PR?_LCD_DATA?MAIN
  +--> ?PR?DELAY?MAIN
BL51 BANKED LINKER/LOCATER V6.22.4.0                                                  01/07/2026  18:27:49  PAGE 2



?PR?LCD_INIT?MAIN              -----    -----
  +--> ?PR?_LCD_CMD?MAIN

?PR?_LCD_CMD?MAIN              -----    -----
  +--> ?PR?DELAY?MAIN

?PR?_LCD_STRING?MAIN           000BH    0003H
  +--> ?PR?_LCD_DATA?MAIN

?PR?_LCD_DATA?MAIN             -----    -----
  +--> ?PR?DELAY?MAIN



SYMBOL TABLE OF MODULE:  .\Objects\sensor (?C_STARTUP)

  VALUE           TYPE          NAME
  ----------------------------------

  -------         MODULE        ?C_STARTUP
  C:08DFH         SEGMENT       ?C_C51STARTUP
  I:000EH         SEGMENT       ?STACK
  C:0000H         PUBLIC        ?C_STARTUP
  D:00E0H         SYMBOL        ACC
  D:00F0H         SYMBOL        B
  D:0083H         SYMBOL        DPH
  D:0082H         SYMBOL        DPL
  N:0000H         SYMBOL        IBPSTACK
  N:0100H         SYMBOL        IBPSTACKTOP
  N:0080H         SYMBOL        IDATALEN
  C:08E2H         SYMBOL        IDATALOOP
  N:0000H         SYMBOL        PBPSTACK
  N:0100H         SYMBOL        PBPSTACKTOP
  N:0000H         SYMBOL        PDATALEN
  N:0000H         SYMBOL        PDATASTART
  N:0000H         SYMBOL        PPAGE
  N:0000H         SYMBOL        PPAGEENABLE
  D:00A0H         SYMBOL        PPAGE_SFR
  D:0081H         SYMBOL        SP
  C:08DFH         SYMBOL        STARTUP1
  N:0000H         SYMBOL        XBPSTACK
  N:0000H         SYMBOL        XBPSTACKTOP
  N:0000H         SYMBOL        XDATALEN
  N:0000H         SYMBOL        XDATASTART
  C:0000H         LINE#         126
  C:08DFH         LINE#         133
  C:08E1H         LINE#         134
  C:08E2H         LINE#         135
  C:08E3H         LINE#         136
  C:08E5H         LINE#         185
  C:08E8H         LINE#         196
  -------         ENDMOD        ?C_STARTUP

  -------         MODULE        MAIN
  C:0000H         SYMBOL        _ICE_DUMMY_
  D:0090H         PUBLIC        P1
BL51 BANKED LINKER/LOCATER V6.22.4.0                                                  01/07/2026  18:27:49  PAGE 3


  D:00A0H         PUBLIC        P2
  D:00B0H         PUBLIC        P3
  C:08ADH         PUBLIC        delay
  C:0800H         PUBLIC        main
  C:08D1H         PUBLIC        adc_read
  C:083FH         PUBLIC        _lcd_string
  C:089FH         PUBLIC        _lcd_data
  D:0008H         PUBLIC        temp
  B:00A0H.4       PUBLIC        intr
  C:08C3H         PUBLIC        _lcd_cmd
  C:0864H         PUBLIC        lcd_init
  B:00A0H.1       PUBLIC        en
  B:00A0H.2       PUBLIC        rd
  B:00A0H.0       PUBLIC        rs
  D:0009H         PUBLIC        i
  B:00A0H.7       PUBLIC        rw
  B:00A0H.3       PUBLIC        wr
  -------         PROC          MAIN
  C:0800H         LINE#         24
  C:0800H         LINE#         25
  C:0800H         LINE#         26
  C:0803H         LINE#         27
  C:080CH         LINE#         29
  C:080CH         LINE#         30
  C:080CH         LINE#         31
  C:0811H         LINE#         33
  C:0816H         LINE#         35
  C:0822H         LINE#         36
  C:082BH         LINE#         37
  C:0830H         LINE#         39
  C:0835H         LINE#         40
  C:083AH         LINE#         42
  C:083DH         LINE#         43
  -------         ENDPROC       MAIN
  -------         PROC          DELAY
  C:08ADH         LINE#         47
  C:08ADH         LINE#         48
  C:08ADH         LINE#         49
  C:08C2H         LINE#         50
  -------         ENDPROC       DELAY
  -------         PROC          LCD_INIT
  C:0864H         LINE#         53
  C:0864H         LINE#         54
  C:0864H         LINE#         55
  C:0869H         LINE#         56
  C:086EH         LINE#         57
  C:0873H         LINE#         58
  C:0878H         LINE#         59
  -------         ENDPROC       LCD_INIT
  -------         PROC          _LCD_CMD
  D:0007H         SYMBOL        cmd
  C:08C3H         LINE#         63
  C:08C3H         LINE#         64
  C:08C3H         LINE#         65
  C:08C5H         LINE#         66
  C:08C7H         LINE#         67
  C:08C9H         LINE#         68
BL51 BANKED LINKER/LOCATER V6.22.4.0                                                  01/07/2026  18:27:49  PAGE 4


  C:08CBH         LINE#         69
  C:08CEH         LINE#         70
  C:08D0H         LINE#         71
  -------         ENDPROC       _LCD_CMD
  -------         PROC          L?0020
  -------         ENDPROC       L?0020
  -------         PROC          _LCD_DATA
  D:0007H         SYMBOL        dat
  C:089FH         LINE#         74
  C:089FH         LINE#         75
  C:089FH         LINE#         76
  C:08A1H         LINE#         77
  C:08A3H         LINE#         78
  C:08A5H         LINE#         79
  C:08A7H         LINE#         80
  C:08AAH         LINE#         81
  C:08ACH         LINE#         82
  -------         ENDPROC       _LCD_DATA
  -------         PROC          _LCD_STRING
  D:000BH         SYMBOL        str
  C:083FH         LINE#         85
  C:0845H         LINE#         86
  C:0845H         LINE#         87
  C:0850H         LINE#         88
  C:0863H         LINE#         89
  -------         ENDPROC       _LCD_STRING
  -------         PROC          ADC_READ
  C:08D1H         LINE#         92
  C:08D1H         LINE#         93
  C:08D1H         LINE#         94
  C:08D3H         LINE#         95
  C:08D5H         LINE#         96
  C:08D7H         LINE#         98
  C:08DAH         LINE#         100
  C:08DCH         LINE#         101
  C:08DEH         LINE#         102
  -------         ENDPROC       ADC_READ
  -------         ENDMOD        MAIN

  -------         MODULE        ?C?CLDPTR
  C:087DH         PUBLIC        ?C?CLDPTR
  -------         ENDMOD        ?C?CLDPTR

******************************************************************************
* RESTRICTED VERSION WITH 0800H BYTE CODE SIZE LIMIT; USED: 00DDH BYTE (10%) *
******************************************************************************

Program Size: data=15.0 xdata=0 code=246
LINK/LOCATE RUN COMPLETE.  0 WARNING(S),  0 ERROR(S)
