BL51 BANKED LINKER/LOCATER V6.22.4.0                                                    02/03/2026  13:40:50  PAGE 1


BL51 BANKED LINKER/LOCATER V6.22.4.0, INVOKED BY:
C:\KEIL_V5\C51\BIN\BL51.EXE .\Objects\STARTUP.obj, .\Objects\sensor.obj TO .\Objects\sensor PRINT (.\Listings\sensor.m51
>> )


MEMORY MODEL: SMALL WITH FLOATING POINT ARITHMETIC


INPUT MODULES INCLUDED:
  .\Objects\STARTUP.obj (?C_STARTUP)
  .\Objects\sensor.obj (SENSOR)
  C:\KEIL_V5\C51\LIB\C51FPS.LIB (?C?FPMUL)
  C:\KEIL_V5\C51\LIB\C51FPS.LIB (?C?FPDIV)
  C:\KEIL_V5\C51\LIB\C51FPS.LIB (?C?FCAST)
  C:\KEIL_V5\C51\LIB\C51FPS.LIB (?C?CASTF)
  C:\KEIL_V5\C51\LIB\C51FPS.LIB (?C?FPGETOPN)
  C:\KEIL_V5\C51\LIB\C51S.LIB (?C?CLDPTR)
  C:\KEIL_V5\C51\LIB\C51S.LIB (?C?CLDOPTR)
  C:\KEIL_V5\C51\LIB\C51S.LIB (?C?CSTPTR)
  C:\KEIL_V5\C51\LIB\C51S.LIB (?C?CSTOPTR)
  C:\KEIL_V5\C51\LIB\C51S.LIB (?C?UIDIV)
  C:\KEIL_V5\C51\LIB\C51S.LIB (?C?LNEG)


LINK MAP OF MODULE:  .\Objects\sensor (?C_STARTUP)


            TYPE    BASE      LENGTH    RELOCATION   SEGMENT NAME
            -----------------------------------------------------

            * * * * * * *   D A T A   M E M O R Y   * * * * * * *
            REG     0000H     0008H     ABSOLUTE     "REG BANK 0"
            DATA    0008H     0016H     UNIT         _DATA_GROUP_
            IDATA   001EH     0001H     UNIT         ?STACK

            * * * * * * *   C O D E   M E M O R Y   * * * * * * *
            CODE    0000H     0003H     ABSOLUTE     
                    0003H     07FDH                  *** GAP ***
            CODE    0800H     0342H     UNIT         ?C?LIB_CODE
            CODE    0B42H     0088H     UNIT         ?PR?_INT_TO_STRING?SENSOR
            CODE    0BCAH     006CH     UNIT         ?PR?MAIN?SENSOR
            CODE    0C36H     004AH     UNIT         ?CO?SENSOR
            CODE    0C80H     0038H     UNIT         ?PR?ADC_READ?SENSOR
            CODE    0CB8H     0034H     UNIT         ?PR?_CONVERT_TO_TEMPERATURE?SENSOR
            CODE    0CECH     0025H     UNIT         ?PR?_UART_SEND_STRING?SENSOR
            CODE    0D11H     0024H     UNIT         ?PR?_SEND_STRING?SENSOR
            CODE    0D35H     0020H     UNIT         ?PR?_DELAY_MS?SENSOR
            CODE    0D55H     0012H     UNIT         ?PR?_DELAY_US?SENSOR
            CODE    0D67H     0010H     UNIT         ?PR?ADC_INIT?SENSOR
            CODE    0D77H     000EH     UNIT         ?PR?UART_INIT?SENSOR
            CODE    0D85H     000CH     UNIT         ?C_C51STARTUP
            CODE    0D91H     000CH     UNIT         ?PR?SERIAL_INIT?SENSOR
            CODE    0D9DH     0008H     UNIT         ?PR?_UART_SEND_CHAR?SENSOR
            CODE    0DA5H     0008H     UNIT         ?PR?_SEND_CHAR?SENSOR



OVERLAY MAP OF MODULE:   .\Objects\sensor (?C_STARTUP)
BL51 BANKED LINKER/LOCATER V6.22.4.0                                                  02/03/2026  13:40:50  PAGE 2




SEGMENT                                      DATA_GROUP 
  +--> CALLED SEGMENT                      START    LENGTH
----------------------------------------------------------
?C_C51STARTUP                              -----    -----
  +--> ?PR?MAIN?SENSOR

?PR?MAIN?SENSOR                            0008H    000FH
  +--> ?PR?UART_INIT?SENSOR
  +--> ?PR?ADC_INIT?SENSOR
  +--> ?PR?SERIAL_INIT?SENSOR
  +--> ?CO?SENSOR
  +--> ?PR?_SEND_STRING?SENSOR
  +--> ?PR?_UART_SEND_STRING?SENSOR
  +--> ?PR?ADC_READ?SENSOR
  +--> ?PR?_CONVERT_TO_TEMPERATURE?SENSOR
  +--> ?PR?_INT_TO_STRING?SENSOR
  +--> ?PR?_DELAY_MS?SENSOR

?PR?ADC_INIT?SENSOR                        -----    -----
  +--> ?PR?_DELAY_MS?SENSOR

?PR?_SEND_STRING?SENSOR                    0017H    0003H
  +--> ?PR?_SEND_CHAR?SENSOR

?PR?_UART_SEND_STRING?SENSOR               0017H    0003H
  +--> ?PR?_UART_SEND_CHAR?SENSOR

?PR?ADC_READ?SENSOR                        -----    -----
  +--> ?PR?_DELAY_US?SENSOR

?PR?_CONVERT_TO_TEMPERATURE?SENSOR         0017H    0004H

?PR?_INT_TO_STRING?SENSOR                  0017H    0007H



SYMBOL TABLE OF MODULE:  .\Objects\sensor (?C_STARTUP)

  VALUE           TYPE          NAME
  ----------------------------------

  -------         MODULE        ?C_STARTUP
  C:0D85H         SEGMENT       ?C_C51STARTUP
  I:001EH         SEGMENT       ?STACK
  C:0000H         PUBLIC        ?C_STARTUP
  D:00E0H         SYMBOL        ACC
  D:00F0H         SYMBOL        B
  D:0083H         SYMBOL        DPH
  D:0082H         SYMBOL        DPL
  N:0000H         SYMBOL        IBPSTACK
  N:0100H         SYMBOL        IBPSTACKTOP
  N:0080H         SYMBOL        IDATALEN
  C:0D88H         SYMBOL        IDATALOOP
  N:0000H         SYMBOL        PBPSTACK
  N:0100H         SYMBOL        PBPSTACKTOP
BL51 BANKED LINKER/LOCATER V6.22.4.0                                                  02/03/2026  13:40:50  PAGE 3


  N:0000H         SYMBOL        PDATALEN
  N:0000H         SYMBOL        PDATASTART
  N:0000H         SYMBOL        PPAGE
  N:0000H         SYMBOL        PPAGEENABLE
  D:00A0H         SYMBOL        PPAGE_SFR
  D:0081H         SYMBOL        SP
  C:0D85H         SYMBOL        STARTUP1
  N:0000H         SYMBOL        XBPSTACK
  N:0000H         SYMBOL        XBPSTACKTOP
  N:0000H         SYMBOL        XDATALEN
  N:0000H         SYMBOL        XDATASTART
  C:0000H         LINE#         126
  C:0D85H         LINE#         133
  C:0D87H         LINE#         134
  C:0D88H         LINE#         135
  C:0D89H         LINE#         136
  C:0D8BH         LINE#         185
  C:0D8EH         LINE#         196
  -------         ENDMOD        ?C_STARTUP

  -------         MODULE        SENSOR
  C:0000H         SYMBOL        _ICE_DUMMY_
  D:0090H         PUBLIC        P1
  D:00A0H         PUBLIC        P2
  D:00B0H         PUBLIC        P3
  C:0B42H         PUBLIC        _int_to_string
  C:0D91H         PUBLIC        serial_init
  B:0098H.1       PUBLIC        TI
  C:0BCAH         PUBLIC        main
  C:0D11H         PUBLIC        _send_string
  C:0DA5H         PUBLIC        _send_char
  D:0099H         PUBLIC        SBUF
  D:0098H         PUBLIC        SCON
  D:0089H         PUBLIC        TMOD
  B:00B0H.5       PUBLIC        ADC_CS
  B:00A0H.0       PUBLIC        ADC_RD
  C:0CECH         PUBLIC        _UART_send_string
  C:0C80H         PUBLIC        ADC_read
  C:0D9DH         PUBLIC        _UART_send_char
  D:008DH         PUBLIC        TH1
  B:00A0H.1       PUBLIC        ADC_WR
  C:0D35H         PUBLIC        _delay_ms
  C:0D77H         PUBLIC        UART_init
  B:0088H.6       PUBLIC        TR1
  C:0D55H         PUBLIC        _delay_us
  C:0D67H         PUBLIC        ADC_init
  C:0CB8H         PUBLIC        _convert_to_temperature
  B:00A0H.2       PUBLIC        ADC_INTR
  -------         PROC          _DELAY_US
  D:0006H         SYMBOL        us
  -------         DO            
  D:0004H         SYMBOL        i
  -------         ENDDO         
  C:0D55H         LINE#         22
  C:0D55H         LINE#         23
  C:0D55H         LINE#         25
  C:0D66H         LINE#         27
BL51 BANKED LINKER/LOCATER V6.22.4.0                                                  02/03/2026  13:40:50  PAGE 4


  -------         ENDPROC       _DELAY_US
  -------         PROC          _DELAY_MS
  D:0006H         SYMBOL        ms
  -------         DO            
  D:0004H         SYMBOL        i
  D:0002H         SYMBOL        j
  -------         ENDDO         
  C:0D35H         LINE#         30
  C:0D35H         LINE#         31
  C:0D35H         LINE#         33
  C:0D3FH         LINE#         34
  C:0D54H         LINE#         36
  -------         ENDPROC       _DELAY_MS
  -------         PROC          ADC_INIT
  C:0D67H         LINE#         39
  C:0D67H         LINE#         40
  C:0D67H         LINE#         41
  C:0D6AH         LINE#         42
  C:0D6CH         LINE#         43
  C:0D6EH         LINE#         44
  C:0D70H         LINE#         45
  -------         ENDPROC       ADC_INIT
  -------         PROC          ADC_READ
  -------         DO            
  D:0007H         SYMBOL        adc_value
  D:0002H         SYMBOL        timeout
  -------         ENDDO         
  C:0C80H         LINE#         49
  C:0C80H         LINE#         50
  C:0C80H         LINE#         52
  C:0C83H         LINE#         55
  C:0C85H         LINE#         56
  C:0C8BH         LINE#         57
  C:0C8DH         LINE#         58
  C:0C90H         LINE#         62
  C:0C9CH         LINE#         63
  C:0C9CH         LINE#         64
  C:0CA3H         LINE#         65
  C:0CA8H         LINE#         66
  C:0CAAH         LINE#         69
  C:0CACH         LINE#         70
  C:0CB3H         LINE#         71
  C:0CB5H         LINE#         72
  C:0CB7H         LINE#         74
  C:0CB7H         LINE#         75
  -------         ENDPROC       ADC_READ
  -------         PROC          _CONVERT_TO_TEMPERATURE
  D:0007H         SYMBOL        adc_value
  -------         DO            
  D:0017H         SYMBOL        voltage
  D:0004H         SYMBOL        temperature
  -------         ENDDO         
  C:0CB8H         LINE#         81
  C:0CB8H         LINE#         82
  C:0CB8H         LINE#         86
  C:0CDAH         LINE#         89
  -------         ENDPROC       _CONVERT_TO_TEMPERATURE
BL51 BANKED LINKER/LOCATER V6.22.4.0                                                  02/03/2026  13:40:50  PAGE 5


  -------         PROC          UART_INIT
  C:0D77H         LINE#         95
  C:0D77H         LINE#         96
  C:0D77H         LINE#         97
  C:0D7AH         LINE#         98
  C:0D7DH         LINE#         99
  C:0D80H         LINE#         100
  C:0D82H         LINE#         101
  C:0D84H         LINE#         104
  -------         ENDPROC       UART_INIT
  -------         PROC          _UART_SEND_CHAR
  D:0007H         SYMBOL        ch
  C:0D9DH         LINE#         107
  C:0D9DH         LINE#         108
  C:0D9DH         LINE#         109
  C:0D9FH         LINE#         110
  C:0DA2H         LINE#         112
  C:0DA4H         LINE#         113
  -------         ENDPROC       _UART_SEND_CHAR
  -------         PROC          _UART_SEND_STRING
  D:0017H         SYMBOL        str
  C:0CECH         LINE#         116
  C:0CF2H         LINE#         117
  C:0CF2H         LINE#         118
  C:0CFDH         LINE#         119
  C:0CFDH         LINE#         120
  C:0D0EH         LINE#         121
  C:0D10H         LINE#         122
  -------         ENDPROC       _UART_SEND_STRING
  -------         PROC          _INT_TO_STRING
  D:0017H         SYMBOL        num
  D:0019H         SYMBOL        str
  -------         DO            
  D:001CH         SYMBOL        i
  D:001DH         SYMBOL        temp
  -------         ENDDO         
  C:0B42H         LINE#         125
  C:0B4CH         LINE#         126
  C:0B4CH         LINE#         127
  C:0B52H         LINE#         129
  C:0B58H         LINE#         130
  C:0B58H         LINE#         131
  C:0B5DH         LINE#         132
  C:0B68H         LINE#         134
  C:0B68H         LINE#         136
  C:0B6FH         LINE#         137
  C:0B6FH         LINE#         138
  C:0B71H         LINE#         139
  C:0B79H         LINE#         140
  C:0B7BH         LINE#         142
  C:0B7EH         LINE#         143
  C:0B89H         LINE#         144
  C:0B89H         LINE#         145
  C:0BA8H         LINE#         146
  C:0BB7H         LINE#         147
  C:0BB9H         LINE#         148
  C:0BC9H         LINE#         149
BL51 BANKED LINKER/LOCATER V6.22.4.0                                                  02/03/2026  13:40:50  PAGE 6


  -------         ENDPROC       _INT_TO_STRING
  -------         PROC          SERIAL_INIT
  C:0D91H         LINE#         153
  C:0D91H         LINE#         154
  C:0D91H         LINE#         155
  C:0D94H         LINE#         156
  C:0D97H         LINE#         157
  C:0D9AH         LINE#         158
  C:0D9CH         LINE#         159
  -------         ENDPROC       SERIAL_INIT
  -------         PROC          _SEND_CHAR
  D:0007H         SYMBOL        ch
  C:0DA5H         LINE#         161
  C:0DA5H         LINE#         162
  C:0DA5H         LINE#         163
  C:0DA7H         LINE#         164
  C:0DAAH         LINE#         166
  C:0DACH         LINE#         167
  -------         ENDPROC       _SEND_CHAR
  -------         PROC          _SEND_STRING
  D:0017H         SYMBOL        str
  -------         DO            
  D:0004H         SYMBOL        i
  -------         ENDDO         
  C:0D11H         LINE#         169
  C:0D17H         LINE#         170
  C:0D17H         LINE#         172
  C:0D2AH         LINE#         173
  C:0D2AH         LINE#         174
  C:0D2DH         LINE#         175
  C:0D34H         LINE#         176
  -------         ENDPROC       _SEND_STRING
  -------         PROC          MAIN
  -------         DO            
  D:0008H         SYMBOL        adc_value
  D:0009H         SYMBOL        temperature
  D:000DH         SYMBOL        temp_str
  -------         ENDDO         
  C:0BCAH         LINE#         180
  C:0BCAH         LINE#         181
  C:0BCAH         LINE#         186
  C:0BCDH         LINE#         187
  C:0BD0H         LINE#         189
  C:0BD3H         LINE#         190
  C:0BDCH         LINE#         192
  C:0BE5H         LINE#         193
  C:0BEEH         LINE#         195
  C:0BEEH         LINE#         196
  C:0BEEH         LINE#         198
  C:0BF3H         LINE#         201
  C:0BFEH         LINE#         204
  C:0C07H         LINE#         207
  C:0C1BH         LINE#         208
  C:0C24H         LINE#         209
  C:0C2DH         LINE#         211
  C:0C34H         LINE#         212
  -------         ENDPROC       MAIN
BL51 BANKED LINKER/LOCATER V6.22.4.0                                                  02/03/2026  13:40:50  PAGE 7


  -------         ENDMOD        SENSOR

  -------         MODULE        ?C?FPMUL
  C:0800H         PUBLIC        ?C?FPMUL
  -------         ENDMOD        ?C?FPMUL

  -------         MODULE        ?C?FPDIV
  C:0909H         PUBLIC        ?C?FPDIV
  -------         ENDMOD        ?C?FPDIV

  -------         MODULE        ?C?FCAST
  C:09B0H         PUBLIC        ?C?FCASTC
  C:09ABH         PUBLIC        ?C?FCASTI
  C:09A6H         PUBLIC        ?C?FCASTL
  -------         ENDMOD        ?C?FCAST

  -------         MODULE        ?C?CASTF
  C:09E4H         PUBLIC        ?C?CASTF
  -------         ENDMOD        ?C?CASTF

  -------         MODULE        ?C?CLDPTR
  C:0A65H         PUBLIC        ?C?CLDPTR
  -------         ENDMOD        ?C?CLDPTR

  -------         MODULE        ?C?CLDOPTR
  C:0A7EH         PUBLIC        ?C?CLDOPTR
  -------         ENDMOD        ?C?CLDOPTR

  -------         MODULE        ?C?CSTPTR
  C:0AABH         PUBLIC        ?C?CSTPTR
  -------         ENDMOD        ?C?CSTPTR

  -------         MODULE        ?C?CSTOPTR
  C:0ABDH         PUBLIC        ?C?CSTOPTR
  -------         ENDMOD        ?C?CSTOPTR

  -------         MODULE        ?C?UIDIV
  C:0ADFH         PUBLIC        ?C?UIDIV
  -------         ENDMOD        ?C?UIDIV

  -------         MODULE        ?C?LNEG
  C:0B34H         PUBLIC        ?C?LNEG
  -------         ENDMOD        ?C?LNEG

******************************************************************************
* RESTRICTED VERSION WITH 0800H BYTE CODE SIZE LIMIT; USED: 026EH BYTE (30%) *
******************************************************************************

Program Size: data=31.0 xdata=0 code=1456
LINK/LOCATE RUN COMPLETE.  0 WARNING(S),  0 ERROR(S)
