C51 COMPILER V9.60.7.0   MAIN                                                              12/28/2025 09:21:42 PAGE 1   


C51 COMPILER V9.60.7.0, COMPILATION OF MODULE MAIN
OBJECT MODULE PLACED IN .\Objects\main.obj
COMPILER INVOKED BY: C:\Keil_v5\C51\BIN\C51.EXE main.c OPTIMIZE(8,SPEED) BROWSE DEBUG OBJECTEXTEND PRINT(.\Listings\main
                    -.lst) TABS(2) OBJECT(.\Objects\main.obj)

line level    source

   1          #include <reg51.h>
   2          
   3          sbit led_pin = P2^0;
   4          
   5          void delay_ms(unsigned int ms) {
   6   1          unsigned int i;
   7   1          unsigned int count;
   8   1          for (i = 0; i < ms; i++) {
   9   2              TMOD = 0x01; // Timer 0, Mode 1 (16-bit)
  10   2              TH0 = 0xFF;  // Load high byte (for ~1ms delay)
  11   2              TL0 = 0x08;  // Load low byte
  12   2              TR0 = 1;     // Start Timer 0
  13   2      
  14   2              while (TF0 == 0); // Wait for timer overflow
  15   2      
  16   2              TR0 = 0;    // Stop Timer 0
  17   2              TF0 = 0;    // Clear Timer 0 flag
  18   2          }
  19   1      }
*** WARNING C280 IN LINE 7 OF main.c: 'count': unreferenced local variable
  20          
  21          void main() {
  22   1           
  23   1          while (1) {
  24   2              led_pin = 1; 
  25   2              delay_ms(1000); 
  26   2              led_pin = 0; 
  27   2              delay_ms(1000); 
  28   2          }
  29   1      }


MODULE INFORMATION:   STATIC OVERLAYABLE
   CODE SIZE        =     52    ----
   CONSTANT SIZE    =   ----    ----
   XDATA SIZE       =   ----    ----
   PDATA SIZE       =   ----    ----
   DATA SIZE        =   ----       2
   IDATA SIZE       =   ----    ----
   BIT SIZE         =   ----    ----
END OF MODULE INFORMATION.


C51 COMPILATION COMPLETE.  1 WARNING(S),  0 ERROR(S)
