BL51 BANKED LINKER/LOCATER V6.22.4.0                                                    12/28/2025  09:21:42  PAGE 1


BL51 BANKED LINKER/LOCATER V6.22.4.0, INVOKED BY:
C:\KEIL_V5\C51\BIN\BL51.EXE .\Objects\STARTUP.obj, .\Objects\main.obj TO .\Objects\Timers PRINT (.\Listings\Timers.m51)


MEMORY MODEL: SMALL


INPUT MODULES INCLUDED:
  .\Objects\STARTUP.obj (?C_STARTUP)
  .\Objects\main.obj (MAIN)


LINK MAP OF MODULE:  .\Objects\Timers (?C_STARTUP)


            TYPE    BASE      LENGTH    RELOCATION   SEGMENT NAME
            -----------------------------------------------------

            * * * * * * *   D A T A   M E M O R Y   * * * * * * *
            REG     0000H     0008H     ABSOLUTE     "REG BANK 0"
            DATA    0008H     0002H     UNIT         _DATA_GROUP_
            IDATA   000AH     0001H     UNIT         ?STACK

            * * * * * * *   C O D E   M E M O R Y   * * * * * * *
            CODE    0000H     0003H     ABSOLUTE     
                    0003H     07FDH                  *** GAP ***
            CODE    0800H     0024H     UNIT         ?PR?_DELAY_MS?MAIN
            CODE    0824H     0010H     UNIT         ?PR?MAIN?MAIN
            CODE    0834H     000CH     UNIT         ?C_C51STARTUP



OVERLAY MAP OF MODULE:   .\Objects\Timers (?C_STARTUP)


SEGMENT                          DATA_GROUP 
  +--> CALLED SEGMENT          START    LENGTH
----------------------------------------------
?C_C51STARTUP                  -----    -----
  +--> ?PR?MAIN?MAIN

?PR?MAIN?MAIN                  -----    -----
  +--> ?PR?_DELAY_MS?MAIN

?PR?_DELAY_MS?MAIN             0008H    0002H



SYMBOL TABLE OF MODULE:  .\Objects\Timers (?C_STARTUP)

  VALUE           TYPE          NAME
  ----------------------------------

  -------         MODULE        ?C_STARTUP
  C:0834H         SEGMENT       ?C_C51STARTUP
  I:000AH         SEGMENT       ?STACK
  C:0000H         PUBLIC        ?C_STARTUP
  D:00E0H         SYMBOL        ACC
BL51 BANKED LINKER/LOCATER V6.22.4.0                                                  12/28/2025  09:21:42  PAGE 2


  D:00F0H         SYMBOL        B
  D:0083H         SYMBOL        DPH
  D:0082H         SYMBOL        DPL
  N:0000H         SYMBOL        IBPSTACK
  N:0100H         SYMBOL        IBPSTACKTOP
  N:0080H         SYMBOL        IDATALEN
  C:0837H         SYMBOL        IDATALOOP
  N:0000H         SYMBOL        PBPSTACK
  N:0100H         SYMBOL        PBPSTACKTOP
  N:0000H         SYMBOL        PDATALEN
  N:0000H         SYMBOL        PDATASTART
  N:0000H         SYMBOL        PPAGE
  N:0000H         SYMBOL        PPAGEENABLE
  D:00A0H         SYMBOL        PPAGE_SFR
  D:0081H         SYMBOL        SP
  C:0834H         SYMBOL        STARTUP1
  N:0000H         SYMBOL        XBPSTACK
  N:0000H         SYMBOL        XBPSTACKTOP
  N:0000H         SYMBOL        XDATALEN
  N:0000H         SYMBOL        XDATASTART
  C:0000H         LINE#         126
  C:0834H         LINE#         133
  C:0836H         LINE#         134
  C:0837H         LINE#         135
  C:0838H         LINE#         136
  C:083AH         LINE#         185
  C:083DH         LINE#         196
  -------         ENDMOD        ?C_STARTUP

  -------         MODULE        MAIN
  C:0000H         SYMBOL        _ICE_DUMMY_
  D:00A0H         PUBLIC        P2
  C:0824H         PUBLIC        main
  D:0089H         PUBLIC        TMOD
  B:0088H.5       PUBLIC        TF0
  D:008CH         PUBLIC        TH0
  D:008AH         PUBLIC        TL0
  C:0800H         PUBLIC        _delay_ms
  B:0088H.4       PUBLIC        TR0
  B:00A0H.0       PUBLIC        led_pin
  -------         PROC          _DELAY_MS
  D:0006H         SYMBOL        ms
  -------         DO            
  D:0004H         SYMBOL        i
  D:0008H         SYMBOL        count
  -------         ENDDO         
  C:0800H         LINE#         5
  C:0800H         LINE#         8
  C:080AH         LINE#         9
  C:080DH         LINE#         10
  C:0810H         LINE#         11
  C:0813H         LINE#         12
  C:0815H         LINE#         14
  C:0818H         LINE#         16
  C:081AH         LINE#         17
  C:081CH         LINE#         18
  C:0823H         LINE#         19
BL51 BANKED LINKER/LOCATER V6.22.4.0                                                  12/28/2025  09:21:42  PAGE 3


  -------         ENDPROC       _DELAY_MS
  -------         PROC          MAIN
  C:0824H         LINE#         21
  C:0824H         LINE#         23
  C:0824H         LINE#         24
  C:0826H         LINE#         25
  C:082DH         LINE#         26
  C:082FH         LINE#         27
  C:0832H         LINE#         28
  -------         ENDPROC       MAIN
  -------         ENDMOD        MAIN

******************************************************************************
* RESTRICTED VERSION WITH 0800H BYTE CODE SIZE LIMIT; USED: 0043H BYTE ( 3%) *
******************************************************************************

Program Size: data=11.0 xdata=0 code=67
LINK/LOCATE RUN COMPLETE.  0 WARNING(S),  0 ERROR(S)
