BL51 BANKED LINKER/LOCATER V6.22.4.0                                                    01/07/2026  18:35:26  PAGE 1


BL51 BANKED LINKER/LOCATER V6.22.4.0, INVOKED BY:
C:\KEIL_V5\C51\BIN\BL51.EXE .\Objects\STARTUP.obj, .\Objects\main.obj TO .\Objects\se PRINT (.\Listings\se.m51)


MEMORY MODEL: SMALL


INPUT MODULES INCLUDED:
  .\Objects\STARTUP.obj (?C_STARTUP)
  .\Objects\main.obj (MAIN)


LINK MAP OF MODULE:  .\Objects\se (?C_STARTUP)


            TYPE    BASE      LENGTH    RELOCATION   SEGMENT NAME
            -----------------------------------------------------

            * * * * * * *   D A T A   M E M O R Y   * * * * * * *
            REG     0000H     0008H     ABSOLUTE     "REG BANK 0"
            IDATA   0008H     0001H     UNIT         ?STACK

            * * * * * * *   C O D E   M E M O R Y   * * * * * * *
            CODE    0000H     0003H     ABSOLUTE     
                    0003H     07FDH                  *** GAP ***
            CODE    0800H     000CH     UNIT         ?C_C51STARTUP
            CODE    080CH     000CH     UNIT         ?PR?SERIAL_INIT?MAIN
            CODE    0818H     000AH     UNIT         ?PR?MAIN?MAIN
            CODE    0822H     0008H     UNIT         ?PR?_SEND_CHAR?MAIN



OVERLAY MAP OF MODULE:   .\Objects\se (?C_STARTUP)


SEGMENT
  +--> CALLED SEGMENT
---------------------
?C_C51STARTUP
  +--> ?PR?MAIN?MAIN

?PR?MAIN?MAIN
  +--> ?PR?SERIAL_INIT?MAIN
  +--> ?PR?_SEND_CHAR?MAIN



SYMBOL TABLE OF MODULE:  .\Objects\se (?C_STARTUP)

  VALUE           TYPE          NAME
  ----------------------------------

  -------         MODULE        ?C_STARTUP
  C:0800H         SEGMENT       ?C_C51STARTUP
  I:0008H         SEGMENT       ?STACK
  C:0000H         PUBLIC        ?C_STARTUP
  D:00E0H         SYMBOL        ACC
  D:00F0H         SYMBOL        B
BL51 BANKED LINKER/LOCATER V6.22.4.0                                                  01/07/2026  18:35:26  PAGE 2


  D:0083H         SYMBOL        DPH
  D:0082H         SYMBOL        DPL
  N:0000H         SYMBOL        IBPSTACK
  N:0100H         SYMBOL        IBPSTACKTOP
  N:0080H         SYMBOL        IDATALEN
  C:0803H         SYMBOL        IDATALOOP
  N:0000H         SYMBOL        PBPSTACK
  N:0100H         SYMBOL        PBPSTACKTOP
  N:0000H         SYMBOL        PDATALEN
  N:0000H         SYMBOL        PDATASTART
  N:0000H         SYMBOL        PPAGE
  N:0000H         SYMBOL        PPAGEENABLE
  D:00A0H         SYMBOL        PPAGE_SFR
  D:0081H         SYMBOL        SP
  C:0800H         SYMBOL        STARTUP1
  N:0000H         SYMBOL        XBPSTACK
  N:0000H         SYMBOL        XBPSTACKTOP
  N:0000H         SYMBOL        XDATALEN
  N:0000H         SYMBOL        XDATASTART
  C:0000H         LINE#         126
  C:0800H         LINE#         133
  C:0802H         LINE#         134
  C:0803H         LINE#         135
  C:0804H         LINE#         136
  C:0806H         LINE#         185
  C:0809H         LINE#         196
  -------         ENDMOD        ?C_STARTUP

  -------         MODULE        MAIN
  C:0000H         SYMBOL        _ICE_DUMMY_
  C:080CH         PUBLIC        serial_init
  B:0098H.1       PUBLIC        TI
  C:0818H         PUBLIC        main
  C:0822H         PUBLIC        _send_char
  D:0099H         PUBLIC        SBUF
  D:0098H         PUBLIC        SCON
  D:0089H         PUBLIC        TMOD
  D:008DH         PUBLIC        TH1
  B:0088H.6       PUBLIC        TR1
  -------         PROC          SERIAL_INIT
  C:080CH         LINE#         3
  C:080CH         LINE#         4
  C:080CH         LINE#         5
  C:080FH         LINE#         6
  C:0812H         LINE#         7
  C:0815H         LINE#         8
  C:0817H         LINE#         9
  -------         ENDPROC       SERIAL_INIT
  -------         PROC          _SEND_CHAR
  D:0007H         SYMBOL        c
  C:0822H         LINE#         11
  C:0822H         LINE#         12
  C:0822H         LINE#         13
  C:0824H         LINE#         14
  C:0827H         LINE#         15
  C:0829H         LINE#         16
  -------         ENDPROC       _SEND_CHAR
BL51 BANKED LINKER/LOCATER V6.22.4.0                                                  01/07/2026  18:35:26  PAGE 3


  -------         PROC          MAIN
  C:0818H         LINE#         18
  C:0818H         LINE#         19
  C:0818H         LINE#         20
  C:081BH         LINE#         22
  C:081BH         LINE#         23
  C:081BH         LINE#         24
  C:0820H         LINE#         25
  -------         ENDPROC       MAIN
  -------         ENDMOD        MAIN

******************************************************************************
* RESTRICTED VERSION WITH 0800H BYTE CODE SIZE LIMIT; USED: 002DH BYTE ( 2%) *
******************************************************************************

Program Size: data=9.0 xdata=0 code=45
LINK/LOCATE RUN COMPLETE.  0 WARNING(S),  0 ERROR(S)
