BL51 BANKED LINKER/LOCATER V6.22.4.0                                                    12/27/2025  19:40:42  PAGE 1


BL51 BANKED LINKER/LOCATER V6.22.4.0, INVOKED BY:
C:\KEIL_V5\C51\BIN\BL51.EXE .\Objects\STARTUP.obj, .\Objects\main.obj TO .\Objects\PWM PRINT (.\Listings\PWM.m51)


MEMORY MODEL: SMALL


INPUT MODULES INCLUDED:
  .\Objects\STARTUP.obj (?C_STARTUP)
  .\Objects\main.obj (MAIN)
  C:\KEIL_V5\C51\LIB\C51S.LIB (?C?IMUL)
  C:\KEIL_V5\C51\LIB\C51S.LIB (?C?SLCMP)


LINK MAP OF MODULE:  .\Objects\PWM (?C_STARTUP)


            TYPE    BASE      LENGTH    RELOCATION   SEGMENT NAME
            -----------------------------------------------------

            * * * * * * *   D A T A   M E M O R Y   * * * * * * *
            REG     0000H     0008H     ABSOLUTE     "REG BANK 0"
            DATA    0008H     0002H     UNIT         _DATA_GROUP_
            IDATA   000AH     0001H     UNIT         ?STACK

            * * * * * * *   C O D E   M E M O R Y   * * * * * * *
            CODE    0000H     0003H     ABSOLUTE     
                    0003H     07FDH                  *** GAP ***
            CODE    0800H     0031H     UNIT         ?PR?_PWM?MAIN
            CODE    0831H     0028H     UNIT         ?C?LIB_CODE
            CODE    0859H     0023H     UNIT         ?PR?MAIN?MAIN
            CODE    087CH     001AH     UNIT         ?PR?DELAY?MAIN
            CODE    0896H     000CH     UNIT         ?C_C51STARTUP



OVERLAY MAP OF MODULE:   .\Objects\PWM (?C_STARTUP)


SEGMENT                          DATA_GROUP 
  +--> CALLED SEGMENT          START    LENGTH
----------------------------------------------
?C_C51STARTUP                  -----    -----
  +--> ?PR?MAIN?MAIN

?PR?MAIN?MAIN                  0008H    0002H
  +--> ?PR?DELAY?MAIN
  +--> ?PR?_PWM?MAIN



SYMBOL TABLE OF MODULE:  .\Objects\PWM (?C_STARTUP)

  VALUE           TYPE          NAME
  ----------------------------------

  -------         MODULE        ?C_STARTUP
  C:0896H         SEGMENT       ?C_C51STARTUP
BL51 BANKED LINKER/LOCATER V6.22.4.0                                                  12/27/2025  19:40:42  PAGE 2


  I:000AH         SEGMENT       ?STACK
  C:0000H         PUBLIC        ?C_STARTUP
  D:00E0H         SYMBOL        ACC
  D:00F0H         SYMBOL        B
  D:0083H         SYMBOL        DPH
  D:0082H         SYMBOL        DPL
  N:0000H         SYMBOL        IBPSTACK
  N:0100H         SYMBOL        IBPSTACKTOP
  N:0080H         SYMBOL        IDATALEN
  C:0899H         SYMBOL        IDATALOOP
  N:0000H         SYMBOL        PBPSTACK
  N:0100H         SYMBOL        PBPSTACKTOP
  N:0000H         SYMBOL        PDATALEN
  N:0000H         SYMBOL        PDATASTART
  N:0000H         SYMBOL        PPAGE
  N:0000H         SYMBOL        PPAGEENABLE
  D:00A0H         SYMBOL        PPAGE_SFR
  D:0081H         SYMBOL        SP
  C:0896H         SYMBOL        STARTUP1
  N:0000H         SYMBOL        XBPSTACK
  N:0000H         SYMBOL        XBPSTACKTOP
  N:0000H         SYMBOL        XDATALEN
  N:0000H         SYMBOL        XDATASTART
  C:0000H         LINE#         126
  C:0896H         LINE#         133
  C:0898H         LINE#         134
  C:0899H         LINE#         135
  C:089AH         LINE#         136
  C:089CH         LINE#         185
  C:089FH         LINE#         196
  -------         ENDMOD        ?C_STARTUP

  -------         MODULE        MAIN
  C:0000H         SYMBOL        _ICE_DUMMY_
  D:00A0H         PUBLIC        P2
  C:087CH         PUBLIC        delay
  C:0859H         PUBLIC        main
  B:00A0H.0       PUBLIC        pin
  C:0800H         PUBLIC        _pwm
  -------         PROC          MAIN
  -------         DO            
  D:0008H         SYMBOL        i
  -------         ENDDO         
  C:0859H         LINE#         8
  C:0859H         LINE#         10
  C:0859H         LINE#         11
  C:085CH         LINE#         13
  C:0862H         LINE#         14
  C:0869H         LINE#         15
  -------         ENDPROC       MAIN
  -------         PROC          _PWM
  D:0002H         SYMBOL        n
  -------         DO            
  D:0082H         SYMBOL        i
  -------         ENDDO         
  C:0800H         LINE#         19
  C:0804H         LINE#         21
BL51 BANKED LINKER/LOCATER V6.22.4.0                                                  12/27/2025  19:40:42  PAGE 3


  C:081BH         LINE#         22
  C:0820H         LINE#         23
  C:082BH         LINE#         24
  C:0830H         LINE#         25
  -------         ENDPROC       _PWM
  -------         PROC          DELAY
  -------         DO            
  D:0082H         SYMBOL        i
  -------         ENDDO         
  C:087CH         LINE#         27
  C:087CH         LINE#         29
  C:0895H         LINE#         30
  -------         ENDPROC       DELAY
  -------         ENDMOD        MAIN

  -------         MODULE        ?C?IMUL
  C:0831H         PUBLIC        ?C?IMUL
  -------         ENDMOD        ?C?IMUL

  -------         MODULE        ?C?SLCMP
  C:0843H         PUBLIC        ?C?SLCMP
  -------         ENDMOD        ?C?SLCMP

******************************************************************************
* RESTRICTED VERSION WITH 0800H BYTE CODE SIZE LIMIT; USED: 007DH BYTE ( 6%) *
******************************************************************************

Program Size: data=11.0 xdata=0 code=165
LINK/LOCATE RUN COMPLETE.  0 WARNING(S),  0 ERROR(S)
