C51 COMPILER V9.60.7.0   MAIN                                                              12/14/2025 19:51:02 PAGE 1   


C51 COMPILER V9.60.7.0, COMPILATION OF MODULE MAIN
OBJECT MODULE PLACED IN .\Objects\main.obj
COMPILER INVOKED BY: C:\Keil_v5\C51\BIN\C51.EXE main.c OPTIMIZE(8,SPEED) BROWSE DEBUG OBJECTEXTEND PRINT(.\Listings\main
                    -.lst) TABS(2) OBJECT(.\Objects\main.obj)

line level    source

   1          #include<reg51.h>
   2          
   3          void delay(){
   4   1        int i = 0;
   5   1        for(i = 0; i < 30000; i++);
   6   1      }
   7          
   8          int digits[] = {
   9            0x3F, // 0
  10            0x06, // 1
  11            0x5B, // 2
  12            0x4F, // 3
  13            0x66, // 4
  14            0x6D, // 5
  15            0x7D, // 6
  16            0x07, // 7
  17            0x7F, // 8
  18            0x6F, // 9
  19            0x77, // A
  20            0x7C, // b (lowercase)
  21            0x3D, // C
  22            0x5E, // d (lowercase)
  23            0x79, // E
  24            0x71  // F
  25          };
  26          int i = 0;
  27          int j = 0;
  28          
  29          void main(void){
  30   1        while(1){
  31   2          P3 = digits[i];
  32   2          P2 = digits[j];
  33   2          j = (j+1)%10;
  34   2          if(j == 0 ){
  35   3            i = (i+1) % 10;
  36   3          }
  37   2          
  38   2          delay();
  39   2        }
  40   1      }


MODULE INFORMATION:   STATIC OVERLAYABLE
   CODE SIZE        =     88    ----
   CONSTANT SIZE    =   ----    ----
   XDATA SIZE       =   ----    ----
   PDATA SIZE       =   ----    ----
   DATA SIZE        =     36    ----
   IDATA SIZE       =   ----    ----
   BIT SIZE         =   ----    ----
END OF MODULE INFORMATION.


C51 COMPILATION COMPLETE.  0 WARNING(S),  0 ERROR(S)
