BL51 BANKED LINKER/LOCATER V6.22.4.0                                                    02/02/2026  12:02:18  PAGE 1


BL51 BANKED LINKER/LOCATER V6.22.4.0, INVOKED BY:
C:\KEIL_V5\C51\BIN\BL51.EXE .\Objects\STARTUP.obj, .\Objects\intrupts.obj TO .\Objects\intrupts PRINT (.\Listings\intrup
>> ts.m51)


MEMORY MODEL: SMALL


INPUT MODULES INCLUDED:
  .\Objects\STARTUP.obj (?C_STARTUP)
  .\Objects\intrupts.obj (INTRUPTS)
  C:\KEIL_V5\C51\LIB\C51S.LIB (?C_INIT)
  C:\KEIL_V5\C51\LIB\C51S.LIB (?C?CLDPTR)


LINK MAP OF MODULE:  .\Objects\intrupts (?C_STARTUP)


            TYPE    BASE      LENGTH    RELOCATION   SEGMENT NAME
            -----------------------------------------------------

            * * * * * * *   D A T A   M E M O R Y   * * * * * * *
            REG     0000H     0008H     ABSOLUTE     "REG BANK 0"
            DATA    0008H     000BH     UNIT         _DATA_GROUP_
            DATA    0013H     0004H     UNIT         ?DT?INTRUPTS
            IDATA   0017H     0001H     UNIT         ?STACK

            * * * * * * *   C O D E   M E M O R Y   * * * * * * *
            CODE    0000H     0003H     ABSOLUTE     
                    0003H     0008H                  *** GAP ***
            CODE    000BH     0003H     ABSOLUTE     
                    000EH     07F2H                  *** GAP ***
            CODE    0800H     008CH     UNIT         ?C_C51STARTUP
            CODE    088CH     005EH     UNIT         ?PR?_SEND_LCD?INTRUPTS
            CODE    08EAH     0056H     UNIT         ?PR?MAIN?INTRUPTS
            CODE    0940H     0048H     UNIT         ?PR?_LCD_GOTO?INTRUPTS
            CODE    0988H     002EH     UNIT         ?CO?INTRUPTS
            CODE    09B6H     0028H     UNIT         ?PR?TIMER0_ISR?INTRUPTS
            CODE    09DEH     0020H     UNIT         ?PR?_DELAY_MS?INTRUPTS
            CODE    09FEH     0019H     UNIT         ?C?LIB_CODE
            CODE    0A17H     0013H     UNIT         ?PR?TIMER0_INIT?INTRUPTS
            CODE    0A2AH     0013H     UNIT         ?PR?_LCD_COMMAND?INTRUPTS
            CODE    0A3DH     0012H     UNIT         ?PR?CLEAR_SCREEN?INTRUPTS
            CODE    0A4FH     000EH     UNIT         ?PR?_LCD_SEND_BYTE?INTRUPTS
            CODE    0A5DH     0009H     UNIT         ?C_INITSEG



OVERLAY MAP OF MODULE:   .\Objects\intrupts (?C_STARTUP)


SEGMENT                               DATA_GROUP 
  +--> CALLED SEGMENT               START    LENGTH
---------------------------------------------------
?C_C51STARTUP                       -----    -----
  +--> ?PR?MAIN?INTRUPTS
  +--> ?C_INITSEG

BL51 BANKED LINKER/LOCATER V6.22.4.0                                                  02/02/2026  12:02:18  PAGE 2


?PR?MAIN?INTRUPTS                   -----    -----
  +--> ?PR?_DELAY_MS?INTRUPTS
  +--> ?PR?CLEAR_SCREEN?INTRUPTS
  +--> ?PR?TIMER0_INIT?INTRUPTS
  +--> ?PR?_LCD_GOTO?INTRUPTS
  +--> ?CO?INTRUPTS
  +--> ?PR?_SEND_LCD?INTRUPTS

?PR?CLEAR_SCREEN?INTRUPTS           -----    -----
  +--> ?PR?_LCD_COMMAND?INTRUPTS
  +--> ?PR?_DELAY_MS?INTRUPTS

?PR?_LCD_COMMAND?INTRUPTS           0012H    0001H
  +--> ?PR?_LCD_SEND_BYTE?INTRUPTS
  +--> ?PR?_DELAY_MS?INTRUPTS

?PR?_LCD_SEND_BYTE?INTRUPTS         -----    -----
  +--> ?PR?_DELAY_MS?INTRUPTS

?PR?_LCD_GOTO?INTRUPTS              000FH    0003H
  +--> ?PR?_LCD_COMMAND?INTRUPTS

?PR?_SEND_LCD?INTRUPTS              0008H    0007H
  +--> ?PR?_LCD_SEND_BYTE?INTRUPTS
  +--> ?PR?_LCD_GOTO?INTRUPTS



SYMBOL TABLE OF MODULE:  .\Objects\intrupts (?C_STARTUP)

  VALUE           TYPE          NAME
  ----------------------------------

  -------         MODULE        ?C_STARTUP
  C:0800H         SEGMENT       ?C_C51STARTUP
  I:0017H         SEGMENT       ?STACK
  C:0000H         PUBLIC        ?C_STARTUP
  D:00E0H         SYMBOL        ACC
  D:00F0H         SYMBOL        B
  D:0083H         SYMBOL        DPH
  D:0082H         SYMBOL        DPL
  N:0000H         SYMBOL        IBPSTACK
  N:0100H         SYMBOL        IBPSTACKTOP
  N:0080H         SYMBOL        IDATALEN
  C:0803H         SYMBOL        IDATALOOP
  N:0000H         SYMBOL        PBPSTACK
  N:0100H         SYMBOL        PBPSTACKTOP
  N:0000H         SYMBOL        PDATALEN
  N:0000H         SYMBOL        PDATASTART
  N:0000H         SYMBOL        PPAGE
  N:0000H         SYMBOL        PPAGEENABLE
  D:00A0H         SYMBOL        PPAGE_SFR
  D:0081H         SYMBOL        SP
  C:0800H         SYMBOL        STARTUP1
  N:0000H         SYMBOL        XBPSTACK
  N:0000H         SYMBOL        XBPSTACKTOP
  N:0000H         SYMBOL        XDATALEN
BL51 BANKED LINKER/LOCATER V6.22.4.0                                                  02/02/2026  12:02:18  PAGE 3


  N:0000H         SYMBOL        XDATASTART
  C:0000H         LINE#         126
  C:0800H         LINE#         133
  C:0802H         LINE#         134
  C:0803H         LINE#         135
  C:0804H         LINE#         136
  C:0806H         LINE#         185
  C:0809H         LINE#         196
  -------         ENDMOD        ?C_STARTUP

  -------         MODULE        INTRUPTS
  C:0000H         SYMBOL        _ICE_DUMMY_
  D:0090H         PUBLIC        P1
  C:09B6H         PUBLIC        Timer0_ISR
  B:00A8H.7       PUBLIC        EA
  B:0098H.1       PUBLIC        TI
  C:08EAH         PUBLIC        main
  C:0A17H         PUBLIC        Timer0_Init
  D:0013H         PUBLIC        timer_count
  D:0099H         PUBLIC        SBUF
  D:0098H         PUBLIC        SCON
  D:0089H         PUBLIC        TMOD
  C:088CH         PUBLIC        _send_lcd
  B:00A8H.1       PUBLIC        ET0
  D:008CH         PUBLIC        TH0
  D:008DH         PUBLIC        TH1
  C:0940H         PUBLIC        _lcd_goto
  D:008AH         PUBLIC        TL0
  D:008BH         PUBLIC        TL1
  C:09DEH         PUBLIC        _delay_ms
  B:0090H.0       PUBLIC        LED
  D:0015H         PUBLIC        cursor_pos
  B:0088H.4       PUBLIC        TR0
  B:0088H.6       PUBLIC        TR1
  C:0A4FH         PUBLIC        _lcd_send_byte
  C:0A3DH         PUBLIC        clear_screen
  C:0A2AH         PUBLIC        _lcd_command
  -------         PROC          TIMER0_ISR
  C:09B6H         LINE#         20
  C:09BAH         LINE#         22
  C:09BDH         LINE#         23
  C:09C0H         LINE#         25
  C:09C8H         LINE#         26
  C:09D1H         LINE#         27
  C:09D1H         LINE#         28
  C:09D7H         LINE#         29
  C:09D9H         LINE#         30
  C:09D9H         LINE#         31
  -------         ENDPROC       TIMER0_ISR
  -------         PROC          MAIN
  C:08EAH         LINE#         33
  C:08EAH         LINE#         34
  C:08EAH         LINE#         35
  C:08F1H         LINE#         38
  C:08F4H         LINE#         39
  C:08F7H         LINE#         40
  C:08FDH         LINE#         41
BL51 BANKED LINKER/LOCATER V6.22.4.0                                                  02/02/2026  12:02:18  PAGE 4


  C:08FFH         LINE#         43
  C:0902H         LINE#         44
  C:0905H         LINE#         48
  C:0905H         LINE#         49
  C:0905H         LINE#         50
  C:090BH         LINE#         51
  C:0914H         LINE#         53
  C:091BH         LINE#         54
  C:0924H         LINE#         56
  C:092BH         LINE#         57
  C:0934H         LINE#         59
  C:093BH         LINE#         60
  C:093EH         LINE#         62
  -------         ENDPROC       MAIN
  -------         PROC          TIMER0_INIT
  C:0A17H         LINE#         65
  C:0A17H         LINE#         66
  C:0A17H         LINE#         67
  C:0A1AH         LINE#         68
  C:0A1DH         LINE#         69
  C:0A20H         LINE#         70
  C:0A23H         LINE#         71
  C:0A25H         LINE#         72
  C:0A27H         LINE#         73
  C:0A29H         LINE#         74
  -------         ENDPROC       TIMER0_INIT
  -------         PROC          _LCD_SEND_BYTE
  D:0007H         SYMBOL        byte_val
  C:0A4FH         LINE#         76
  C:0A4FH         LINE#         77
  C:0A4FH         LINE#         78
  C:0A51H         LINE#         79
  C:0A54H         LINE#         81
  C:0A56H         LINE#         82
  -------         ENDPROC       _LCD_SEND_BYTE
  -------         PROC          _LCD_COMMAND
  D:0012H         SYMBOL        cmd
  C:0A2AH         LINE#         85
  C:0A2CH         LINE#         86
  C:0A2CH         LINE#         87
  C:0A31H         LINE#         88
  C:0A36H         LINE#         89
  -------         ENDPROC       _LCD_COMMAND
  -------         PROC          _LCD_GOTO
  D:000FH         SYMBOL        row
  D:0010H         SYMBOL        col
  -------         DO            
  D:0011H         SYMBOL        pos
  -------         ENDDO         
  C:0940H         LINE#         92
  C:0944H         LINE#         93
  C:0944H         LINE#         95
  C:0948H         LINE#         96
  C:094DH         LINE#         97
  C:0952H         LINE#         98
  C:095AH         LINE#         99
  C:095FH         LINE#         100
BL51 BANKED LINKER/LOCATER V6.22.4.0                                                  02/02/2026  12:02:18  PAGE 5


  C:0967H         LINE#         102
  C:096DH         LINE#         104
  C:0975H         LINE#         105
  C:0987H         LINE#         106
  -------         ENDPROC       _LCD_GOTO
  -------         PROC          _SEND_LCD
  D:0008H         SYMBOL        s
  -------         DO            
  D:000BH         SYMBOL        i
  D:000DH         SYMBOL        j
  -------         ENDDO         
  C:088CH         LINE#         109
  C:0892H         LINE#         110
  C:0892H         LINE#         111
  C:0897H         LINE#         112
  C:089CH         LINE#         113
  C:08A8H         LINE#         114
  C:08A8H         LINE#         115
  C:08ABH         LINE#         116
  C:08B3H         LINE#         117
  C:08BEH         LINE#         118
  C:08C6H         LINE#         119
  C:08D3H         LINE#         120
  C:08D3H         LINE#         121
  C:08DAH         LINE#         122
  C:08E2H         LINE#         123
  C:08E7H         LINE#         124
  C:08E7H         LINE#         125
  C:08E9H         LINE#         126
  -------         ENDPROC       _SEND_LCD
  -------         PROC          CLEAR_SCREEN
  C:0A3DH         LINE#         129
  C:0A3DH         LINE#         130
  C:0A3DH         LINE#         131
  C:0A42H         LINE#         132
  C:0A49H         LINE#         133
  C:0A4EH         LINE#         134
  -------         ENDPROC       CLEAR_SCREEN
  -------         PROC          _DELAY_MS
  D:0006H         SYMBOL        ms
  -------         DO            
  D:0004H         SYMBOL        i
  D:0002H         SYMBOL        j
  -------         ENDDO         
  C:09DEH         LINE#         136
  C:09DEH         LINE#         137
  C:09DEH         LINE#         139
  C:09E8H         LINE#         140
  C:09FDH         LINE#         142
  -------         ENDPROC       _DELAY_MS
  -------         ENDMOD        INTRUPTS

  -------         MODULE        ?C?CLDPTR
  C:09FEH         PUBLIC        ?C?CLDPTR
  -------         ENDMOD        ?C?CLDPTR

******************************************************************************
BL51 BANKED LINKER/LOCATER V6.22.4.0                                                  02/02/2026  12:02:18  PAGE 6


* RESTRICTED VERSION WITH 0800H BYTE CODE SIZE LIMIT; USED: 01D2H BYTE (22%) *
******************************************************************************

Program Size: data=24.0 xdata=0 code=620
LINK/LOCATE RUN COMPLETE.  0 WARNING(S),  0 ERROR(S)
